## 2026-09-13T09:30:37.514Z (스토어: 일상 소품 만물상회)
[카니발목쿠션] ⚠️ 미노출(상위 68개 중 없음)
[쌀통10KG] ⚠️ 미노출(상위 59개 중 없음)
[A56공다이어리] ⚠️ 미노출(상위 28개 중 없음)
[강아지콤빗] ⚠️ 미노출(상위 60개 중 없음)
[고양이그루밍브러쉬] ⚠️ 미노출(상위 51개 중 없음)
[QM6컵홀더] ⚠️ 미노출(상위 60개 중 없음)
[레이컵홀더] ⚠️ 미노출(상위 55개 중 없음)
[캐스퍼컵홀더] ⚠️ 미노출(상위 56개 중 없음)
[모닝컵홀더] ⚠️ 미노출(상위 63개 중 없음)
[토퍼압축팩] ⚠️ 미노출(상위 53개 중 없음)

## 2026-09-13T09:39:32.102Z (스토어: 일상 소품 만물상회)
[카니발목쿠션] ⚠️ 미노출(전체 68개 끝까지 확인)
[쌀통10KG] ⚠️ 미노출(전체 59개 끝까지 확인)
[A56공다이어리] ⚠️ 미노출(전체 46개 끝까지 확인)
[강아지콤빗] ⚠️ 미노출(전체 61개 끝까지 확인)
[고양이그루밍브러쉬] ⚠️ 미노출(상위 97개까지 확인(중단, 더 있을 수 있음))
[QM6컵홀더] ⚠️ 미노출(전체 60개 끝까지 확인)
[레이컵홀더] ⚠️ 미노출(전체 55개 끝까지 확인)
[캐스퍼컵홀더] ⚠️ 미노출(전체 56개 끝까지 확인)
[모닝컵홀더] ⚠️ 미노출(전체 64개 끝까지 확인)
[토퍼압축팩] ⚠️ 미노출(전체 53개 끝까지 확인)

## 2026-09-13T09:52:27.592Z (스토어: 일상 소품 만물상회)
[카니발목쿠션] ⚠️ 미노출(전체 68개 끝까지 확인)
[쌀통10KG] ⚠️ 미노출(전체 57개 끝까지 확인)
[A56공다이어리] ⚠️ 미노출(전체 46개 끝까지 확인)
[강아지콤빗] ⚠️ 미노출(전체 61개 끝까지 확인)
[고양이그루밍브러쉬] ⚠️ 미노출(상위 110개까지 확인(중단, 더 있을 수 있음))
[QM6컵홀더] ⚠️ 미노출(전체 59개 끝까지 확인)
[레이컵홀더] ⚠️ 미노출(전체 55개 끝까지 확인)
[캐스퍼컵홀더] ⚠️ 미노출(전체 55개 끝까지 확인)
[모닝컵홀더] ⚠️ 미노출(전체 63개 끝까지 확인)
[토퍼압축팩] ⚠️ 미노출(전체 53개 끝까지 확인)

## 2026-09-13T10:23:05.307Z (스토어: 일상 소품 만물상회)
[카니발목쿠션] ⚠️ 미노출(30페이지(총 1622개)까지 확인(한도 도달, 더 있을 수 있음))
[쌀통10KG] ⚠️ 미노출(30페이지(총 1201개)까지 확인(한도 도달, 더 있을 수 있음))
[A56공다이어리] ✅ 2페이지 3번째 노출 — "A56공다이어리 커버 6공 바인더 홀로그램 투명 A5 A6"
[강아지콤빗] ✅ 9페이지 20번째 노출 — "강아지콤빗 눈꼽빗 페이스콤 스테인리스 일자빗"
[고양이그루밍브러쉬] ✅ 29페이지 2번째 노출 — "고양이 그루밍 브러쉬 벽면부착 셀프마사지빗"
[QM6컵홀더] ✅ 6페이지 17번째 노출 — "QM6컵홀더 차량용 멀티 사이드포켓 냉온컵홀더 확장형"
[레이컵홀더] ✅ 9페이지 38번째 노출 — "레이컵홀더 캐스퍼컵홀더 차량용 듀얼 컵홀더 확장형"
[캐스퍼컵홀더] ✅ 9페이지 15번째 노출 — "레이컵홀더 캐스퍼컵홀더 차량용 듀얼 컵홀더 확장형"
[모닝컵홀더] ✅ 13페이지 44번째 노출 — "모닝컵홀더 차량용 걸이형 뒷자석 틈새컵홀더"
[토퍼압축팩] ✅ 4페이지 15번째 노출 — "토퍼압축팩 초대형 매트리스 이불 압축팩 밀폐형"

