## 2026-09-13T05:02:38.546Z
[34816741] QM6컵홀더
  재고 978개
  ⚠️ 스마트스토어 진입 실패: 수정 버튼을 못 찾음(NOT_FOUND)
[67875958] 레이캐스퍼컵홀더
  재고 999개
  ⚠️ 스마트스토어 진입 실패: 수정 버튼을 못 찾음(NOT_FOUND)
[63040940] 모닝컵홀더
  재고 821개
  ⚠️ 스마트스토어 진입 실패: 수정 버튼을 못 찾음(NOT_FOUND)

## 2026-09-13T05:06:16.659Z
[34816741] QM6컵홀더
  재고 978개
  가격 정상(17,900원)
[67875958] 레이캐스퍼컵홀더
  재고 999개
  가격 정상(47,900원)
[63040940] 모닝컵홀더
  재고 821개
  가격 정상(11,900원)

## 2026-09-13T05:51:12.645Z
[12556878] 모닝핸드폰거치대
  재고 951개
  ⚠️ 스마트스토어 진입 실패: 수정 버튼을 못 찾음(NOT_FOUND)
[65563673] 토퍼압축팩
  재고 9,999개
  ⚠️ 스마트스토어 진입 실패: 수정 버튼을 못 찾음(NOT_FOUND)

